#Name  Subgroup Source           Destination                         Size   Instantiate? Append? Compress? StartDisk TotalDisks Icon Group Item Command

nocopy ""       "Dcrep4.VRF"     "%INSTALLER_HOME%\"                   5081 false        false   false            00         00   00 ""    ""   ""     
       ""       "Dcrep4.INS"     "%INSTALLER_HOME%\"                   2997 false        false   false            00         00   00 ""    ""   ""     
       ""       "D2BB_01.BMP"    "%INSTALLER_HOME%\"                  36856 false        false   false            00         00   00 ""    ""   ""     
       ""       "D2BB_10.BMP"    "%INSTALLER_HOME%\"                  36854 false        false   false            00         00   00 ""    ""   ""     

deinst ""       "Dcrep4.MAP"     "%INSTALLER_HOME%\"                  27246 false        false   false            00         00   00 ""    ""   ""     
       ""       "Dcrep4.DEI"     "%INSTALLER_HOME%\"                   4613 false        false   false            00         00   00 ""    ""   ""     
       "d"      "Dcrep4.D"       "%INSTALLER_HOME%\"                   8208 false        false   false            00         00   00 ""    ""   ""     
       "e"      "Dcrep4.E"       "%INSTALLER_HOME%\"                   8208 false        false   false            00         00   00 ""    ""   ""     
       "f"      "Dcrep4.F"       "%INSTALLER_HOME%\"                   8208 false        false   false            00         00   00 ""    ""   ""     
       "ja"     "Dcrep4.JA"      "%INSTALLER_HOME%\"                   8208 false        false   false            00         00   00 ""    ""   ""     

msg    ""       ""               "%RW60%"                                00 false        false   false            00         00   00 ""    ""   ""     
       ""       ""               "%RW60%\TMP"                            00 false        false   false            00         00   00 ""    ""   ""     

res    ""       ""               "%RW60%\admin"                          00 false        false   false            00         00   00 ""    ""   ""     
       ""       ""               "%RW60%\admin\template"                 00 false        false   false            00         00   00 ""    ""   ""     
       ""       "345op.gif"      "%RW60%\admin\template\"              8739 false        false   false            00         00   00 ""    ""   ""     
       ""       "brit1.tdf"      "%RW60%\admin\template\"            266240 false        false   false            00         00   00 ""    ""   ""     
       ""       "brit1a.bmp"     "%RW60%\admin\template\"             30678 false        false   false            00         00   00 ""    ""   ""     
       ""       "brit1f.bmp"     "%RW60%\admin\template\"             31478 false        false   false            00         00   00 ""    ""   ""     
       ""       "brit1g.bmp"     "%RW60%\admin\template\"             30826 false        false   false            00         00   00 ""    ""   ""     
       ""       "brit1l.bmp"     "%RW60%\admin\template\"             31478 false        false   false            00         00   00 ""    ""   ""     
       ""       "brit1m.bmp"     "%RW60%\admin\template\"             31478 false        false   false            00         00   00 ""    ""   ""     
       ""       "brit1r.bmp"     "%RW60%\admin\template\"             31478 false        false   false            00         00   00 ""    ""   ""     
       ""       "brit1t.bmp"     "%RW60%\admin\template\"             31478 false        false   false            00         00   00 ""    ""   ""     
       ""       "brit1x.bmp"     "%RW60%\admin\template\"             31478 false        false   false            00         00   00 ""    ""   ""     
       ""       "char1.bmp"      "%RW60%\admin\template\"             31478 false        false   false            00         00   00 ""    ""   ""     
       ""       "char1.tdf"      "%RW60%\admin\template\"            167936 false        false   false            00         00   00 ""    ""   ""     
       ""       "char1a.bmp"     "%RW60%\admin\template\"             31326 false        false   false            00         00   00 ""    ""   ""     
       ""       "char1f.bmp"     "%RW60%\admin\template\"             30530 false        false   false            00         00   00 ""    ""   ""     
       ""       "char1g.bmp"     "%RW60%\admin\template\"             30718 false        false   false            00         00   00 ""    ""   ""     
       ""       "char1l.bmp"     "%RW60%\admin\template\"             29806 false        false   false            00         00   00 ""    ""   ""     
       ""       "char1m.bmp"     "%RW60%\admin\template\"             31326 false        false   false            00         00   00 ""    ""   ""     
       ""       "char1r.bmp"     "%RW60%\admin\template\"             31326 false        false   false            00         00   00 ""    ""   ""     
       ""       "char1t.bmp"     "%RW60%\admin\template\"             31478 false        false   false            00         00   00 ""    ""   ""     
       ""       "char1x.bmp"     "%RW60%\admin\template\"             31326 false        false   false            00         00   00 ""    ""   ""     
       ""       "conf1.tdf"      "%RW60%\admin\template\"            241664 false        false   false            00         00   00 ""    ""   ""     
       ""       "conf1a.bmp"     "%RW60%\admin\template\"             31326 false        false   false            00         00   00 ""    ""   ""     
       ""       "conf1f.bmp"     "%RW60%\admin\template\"             31478 false        false   false            00         00   00 ""    ""   ""     
       ""       "conf1g.bmp"     "%RW60%\admin\template\"             31782 false        false   false            00         00   00 ""    ""   ""     
       ""       "conf1l.bmp"     "%RW60%\admin\template\"             31326 false        false   false            00         00   00 ""    ""   ""     
       ""       "conf1m.bmp"     "%RW60%\admin\template\"             31326 false        false   false            00         00   00 ""    ""   ""     
       ""       "conf1r.bmp"     "%RW60%\admin\template\"             31478 false        false   false            00         00   00 ""    ""   ""     
       ""       "conf1t.bmp"     "%RW60%\admin\template\"             31326 false        false   false            00         00   00 ""    ""   ""     
       ""       "conf1x.bmp"     "%RW60%\admin\template\"             31478 false        false   false            00         00   00 ""    ""   ""     
       ""       "conf10.tdf"     "%RW60%\admin\template\"            249856 false        false   false            00         00   00 ""    ""   ""     
       ""       "conf10a.bmp"    "%RW60%\admin\template\"             31326 false        false   false            00         00   00 ""    ""   ""     
       ""       "conf10f.bmp"    "%RW60%\admin\template\"             31478 false        false   false            00         00   00 ""    ""   ""     
       ""       "conf10g.bmp"    "%RW60%\admin\template\"             31782 false        false   false            00         00   00 ""    ""   ""     
       ""       "conf10l.bmp"    "%RW60%\admin\template\"             31326 false        false   false            00         00   00 ""    ""   ""     
       ""       "conf10m.bmp"    "%RW60%\admin\template\"             31326 false        false   false            00         00   00 ""    ""   ""     
       ""       "conf10r.bmp"    "%RW60%\admin\template\"             31478 false        false   false            00         00   00 ""    ""   ""     
       ""       "conf10t.bmp"    "%RW60%\admin\template\"             31326 false        false   false            00         00   00 ""    ""   ""     
       ""       "conf10x.bmp"    "%RW60%\admin\template\"             31478 false        false   false            00         00   00 ""    ""   ""     
       ""       "conf2.tdf"      "%RW60%\admin\template\"            249856 false        false   false            00         00   00 ""    ""   ""     
       ""       "conf2a.bmp"     "%RW60%\admin\template\"             31478 false        false   false            00         00   00 ""    ""   ""     
       ""       "conf2f.bmp"     "%RW60%\admin\template\"             31478 false        false   false            00         00   00 ""    ""   ""     
       ""       "conf2g.bmp"     "%RW60%\admin\template\"             31478 false        false   false            00         00   00 ""    ""   ""     
       ""       "conf2l.bmp"     "%RW60%\admin\template\"             31478 false        false   false            00         00   00 ""    ""   ""     
       ""       "conf2m.bmp"     "%RW60%\admin\template\"             31326 false        false   false            00         00   00 ""    ""   ""     
       ""       "conf2r.bmp"     "%RW60%\admin\template\"             31478 false        false   false            00         00   00 ""    ""   ""     
       ""       "conf2t.bmp"     "%RW60%\admin\template\"             31478 false        false   false            00         00   00 ""    ""   ""     
       ""       "conf2x.bmp"     "%RW60%\admin\template\"             31478 false        false   false            00         00   00 ""    ""   ""     
       ""       "conf20.tdf"     "%RW60%\admin\template\"            249856 false        false   false            00         00   00 ""    ""   ""     
       ""       "conf20a.bmp"    "%RW60%\admin\template\"             31478 false        false   false            00         00   00 ""    ""   ""     
       ""       "conf20f.bmp"    "%RW60%\admin\template\"             31478 false        false   false            00         00   00 ""    ""   ""     
       ""       "conf20g.bmp"    "%RW60%\admin\template\"             31478 false        false   false            00         00   00 ""    ""   ""     
       ""       "conf20l.bmp"    "%RW60%\admin\template\"             31478 false        false   false            00         00   00 ""    ""   ""     
       ""       "conf20m.bmp"    "%RW60%\admin\template\"             31326 false        false   false            00         00   00 ""    ""   ""     
       ""       "conf20r.bmp"    "%RW60%\admin\template\"             31478 false        false   false            00         00   00 ""    ""   ""     
       ""       "conf20t.bmp"    "%RW60%\admin\template\"             31478 false        false   false            00         00   00 ""    ""   ""     
       ""       "conf20x.bmp"    "%RW60%\admin\template\"             31478 false        false   false            00         00   00 ""    ""   ""     
       ""       "corp1.bmp"      "%RW60%\admin\template\"             31478 false        false   false            00         00   00 ""    ""   ""     
       ""       "corp1.tdf"      "%RW60%\admin\template\"            167936 false        false   false            00         00   00 ""    ""   ""     
       ""       "corp10.tdf"     "%RW60%\admin\template\"            167936 false        false   false            00         00   00 ""    ""   ""     
       ""       "corp10a.bmp"    "%RW60%\admin\template\"             30530 false        false   false            00         00   00 ""    ""   ""     
       ""       "corp10f.bmp"    "%RW60%\admin\template\"             30234 false        false   false            00         00   00 ""    ""   ""     
       ""       "corp10g.bmp"    "%RW60%\admin\template\"             30530 false        false   false            00         00   00 ""    ""   ""     
       ""       "corp10l.bmp"    "%RW60%\admin\template\"             30530 false        false   false            00         00   00 ""    ""   ""     
       ""       "corp10m.bmp"    "%RW60%\admin\template\"             31326 false        false   false            00         00   00 ""    ""   ""     
       ""       "corp10r.bmp"    "%RW60%\admin\template\"             31326 false        false   false            00         00   00 ""    ""   ""     
       ""       "corp10t.bmp"    "%RW60%\admin\template\"             31478 false        false   false            00         00   00 ""    ""   ""     
       ""       "corp10x.bmp"    "%RW60%\admin\template\"             30530 false        false   false            00         00   00 ""    ""   ""     
       ""       "corp1a.bmp"     "%RW60%\admin\template\"             30530 false        false   false            00         00   00 ""    ""   ""     
       ""       "corp1f.bmp"     "%RW60%\admin\template\"             30234 false        false   false            00         00   00 ""    ""   ""     
       ""       "corp1g.bmp"     "%RW60%\admin\template\"             30530 false        false   false            00         00   00 ""    ""   ""     
       ""       "corp1l.bmp"     "%RW60%\admin\template\"             30530 false        false   false            00         00   00 ""    ""   ""     
       ""       "corp1m.bmp"     "%RW60%\admin\template\"             31326 false        false   false            00         00   00 ""    ""   ""     
       ""       "corp1r.bmp"     "%RW60%\admin\template\"             31326 false        false   false            00         00   00 ""    ""   ""     
       ""       "corp1t.bmp"     "%RW60%\admin\template\"             31478 false        false   false            00         00   00 ""    ""   ""     
       ""       "corp1x.bmp"     "%RW60%\admin\template\"             30530 false        false   false            00         00   00 ""    ""   ""     
       ""       "corp2.bmp"      "%RW60%\admin\template\"             16278 false        false   false            00         00   00 ""    ""   ""     
       ""       "corp2.tdf"      "%RW60%\admin\template\"            159744 false        false   false            00         00   00 ""    ""   ""     
       ""       "corp2a.bmp"     "%RW60%\admin\template\"             31478 false        false   false            00         00   00 ""    ""   ""     
       ""       "corp2f.bmp"     "%RW60%\admin\template\"             30234 false        false   false            00         00   00 ""    ""   ""     
       ""       "corp2g.bmp"     "%RW60%\admin\template\"             30530 false        false   false            00         00   00 ""    ""   ""     
       ""       "corp2l.bmp"     "%RW60%\admin\template\"             30382 false        false   false            00         00   00 ""    ""   ""     
       ""       "corp2m.bmp"     "%RW60%\admin\template\"             31326 false        false   false            00         00   00 ""    ""   ""     
       ""       "corp2r.bmp"     "%RW60%\admin\template\"             31326 false        false   false            00         00   00 ""    ""   ""     
       ""       "corp2t.bmp"     "%RW60%\admin\template\"             31326 false        false   false            00         00   00 ""    ""   ""     
       ""       "corp2x.bmp"     "%RW60%\admin\template\"             30530 false        false   false            00         00   00 ""    ""   ""     
       ""       "draft.bmp"      "%RW60%\admin\template\"             31478 false        false   false            00         00   00 ""    ""   ""     
       ""       "draft.tdf"      "%RW60%\admin\template\"            176128 false        false   false            00         00   00 ""    ""   ""     
       ""       "drafta.bmp"     "%RW60%\admin\template\"             31478 false        false   false            00         00   00 ""    ""   ""     
       ""       "draftf.bmp"     "%RW60%\admin\template\"             31326 false        false   false            00         00   00 ""    ""   ""     
       ""       "draftg.bmp"     "%RW60%\admin\template\"             30382 false        false   false            00         00   00 ""    ""   ""     
       ""       "draftl.bmp"     "%RW60%\admin\template\"             31478 false        false   false            00         00   00 ""    ""   ""     
       ""       "draftm.bmp"     "%RW60%\admin\template\"             30382 false        false   false            00         00   00 ""    ""   ""     
       ""       "draftr.bmp"     "%RW60%\admin\template\"             29806 false        false   false            00         00   00 ""    ""   ""     
       ""       "draftt.bmp"     "%RW60%\admin\template\"             31478 false        false   false            00         00   00 ""    ""   ""     
       ""       "draftx.bmp"     "%RW60%\admin\template\"             31478 false        false   false            00         00   00 ""    ""   ""     
       ""       "gngd1.tdf"      "%RW60%\admin\template\"            249856 false        false   false            00         00   00 ""    ""   ""     
       ""       "gngd1a.bmp"     "%RW60%\admin\template\"             31478 false        false   false            00         00   00 ""    ""   ""     
       ""       "gngd1f.bmp"     "%RW60%\admin\template\"             31478 false        false   false            00         00   00 ""    ""   ""     
       ""       "gngd1g.bmp"     "%RW60%\admin\template\"             31478 false        false   false            00         00   00 ""    ""   ""     
       ""       "gngd1l.bmp"     "%RW60%\admin\template\"             31478 false        false   false            00         00   00 ""    ""   ""     
       ""       "gngd1m.bmp"     "%RW60%\admin\template\"             31478 false        false   false            00         00   00 ""    ""   ""     
       ""       "gngd1r.bmp"     "%RW60%\admin\template\"             31326 false        false   false            00         00   00 ""    ""   ""     
       ""       "gngd1t.bmp"     "%RW60%\admin\template\"             31478 false        false   false            00         00   00 ""    ""   ""     
       ""       "gngd1x.bmp"     "%RW60%\admin\template\"             31326 false        false   false            00         00   00 ""    ""   ""     
       ""       "gngd10.tdf"     "%RW60%\admin\template\"            241664 false        false   false            00         00   00 ""    ""   ""     
       ""       "gngd10a.bmp"    "%RW60%\admin\template\"             31478 false        false   false            00         00   00 ""    ""   ""     
       ""       "gngd10f.bmp"    "%RW60%\admin\template\"             31478 false        false   false            00         00   00 ""    ""   ""     
       ""       "gngd10g.bmp"    "%RW60%\admin\template\"             31478 false        false   false            00         00   00 ""    ""   ""     
       ""       "gngd10l.bmp"    "%RW60%\admin\template\"             31478 false        false   false            00         00   00 ""    ""   ""     
       ""       "gngd10m.bmp"    "%RW60%\admin\template\"             31478 false        false   false            00         00   00 ""    ""   ""     
       ""       "gngd10r.bmp"    "%RW60%\admin\template\"             31326 false        false   false            00         00   00 ""    ""   ""     
       ""       "gngd10t.bmp"    "%RW60%\admin\template\"             31478 false        false   false            00         00   00 ""    ""   ""     
       ""       "gngd10x.bmp"    "%RW60%\admin\template\"             31326 false        false   false            00         00   00 ""    ""   ""     
       ""       "ncagry.bmp"     "%RW60%\admin\template\"             90496 false        false   false            00         00   00 ""    ""   ""     
       ""       "ncagry.tdf"     "%RW60%\admin\template\"            307200 false        false   false            00         00   00 ""    ""   ""     
       ""       "ncagrya.bmp"    "%RW60%\admin\template\"             90496 false        false   false            00         00   00 ""    ""   ""     
       ""       "ncagryf.bmp"    "%RW60%\admin\template\"             90496 false        false   false            00         00   00 ""    ""   ""     
       ""       "ncagryg.bmp"    "%RW60%\admin\template\"             90496 false        false   false            00         00   00 ""    ""   ""     
       ""       "ncagryl.bmp"    "%RW60%\admin\template\"             90496 false        false   false            00         00   00 ""    ""   ""     
       ""       "ncagrym.bmp"    "%RW60%\admin\template\"             90496 false        false   false            00         00   00 ""    ""   ""     
       ""       "ncagryr.bmp"    "%RW60%\admin\template\"             90496 false        false   false            00         00   00 ""    ""   ""     
       ""       "ncagryt.bmp"    "%RW60%\admin\template\"             90496 false        false   false            00         00   00 ""    ""   ""     
       ""       "ncagryx.bmp"    "%RW60%\admin\template\"             90496 false        false   false            00         00   00 ""    ""   ""     
       ""       "ncayel.bmp"     "%RW60%\admin\template\"             90496 false        false   false            00         00   00 ""    ""   ""     
       ""       "ncayel.tdf"     "%RW60%\admin\template\"            315392 false        false   false            00         00   00 ""    ""   ""     
       ""       "ncayela.bmp"    "%RW60%\admin\template\"             90496 false        false   false            00         00   00 ""    ""   ""     
       ""       "ncayelf.bmp"    "%RW60%\admin\template\"             90496 false        false   false            00         00   00 ""    ""   ""     
       ""       "ncayelg.bmp"    "%RW60%\admin\template\"             90496 false        false   false            00         00   00 ""    ""   ""     
       ""       "ncayell.bmp"    "%RW60%\admin\template\"             90496 false        false   false            00         00   00 ""    ""   ""     
       ""       "ncayelm.bmp"    "%RW60%\admin\template\"             90496 false        false   false            00         00   00 ""    ""   ""     
       ""       "ncayelr.bmp"    "%RW60%\admin\template\"             90496 false        false   false            00         00   00 ""    ""   ""     
       ""       "ncayelt.bmp"    "%RW60%\admin\template\"             90496 false        false   false            00         00   00 ""    ""   ""     
       ""       "ncayelx.bmp"    "%RW60%\admin\template\"             90496 false        false   false            00         00   00 ""    ""   ""     
       ""       "discvr.tdf"     "%RW60%\admin\template\"            741376 false        false   false            00         00   00 ""    ""   ""     
       ""       "discvra.bmp"    "%RW60%\admin\template\"             86582 false        false   false            00         00   00 ""    ""   ""     
       ""       "discvrg.bmp"    "%RW60%\admin\template\"             91518 false        false   false            00         00   00 ""    ""   ""     
       ""       "discvrl.bmp"    "%RW60%\admin\template\"             94134 false        false   false            00         00   00 ""    ""   ""     
       ""       "discvrl.tdf"    "%RW60%\admin\template\"            741376 false        false   false            00         00   00 ""    ""   ""     
       ""       "discvrla.bmp"   "%RW60%\admin\template\"             86582 false        false   false            00         00   00 ""    ""   ""     
       ""       "discvrlg.bmp"   "%RW60%\admin\template\"             91518 false        false   false            00         00   00 ""    ""   ""     
       ""       "discvrll.bmp"   "%RW60%\admin\template\"             94134 false        false   false            00         00   00 ""    ""   ""     
       ""       "discvrlt.bmp"   "%RW60%\admin\template\"             90002 false        false   false            00         00   00 ""    ""   ""     
       ""       "discvrlx.bmp"   "%RW60%\admin\template\"             78006 false        false   false            00         00   00 ""    ""   ""     
       ""       "discvrt.bmp"    "%RW60%\admin\template\"             90002 false        false   false            00         00   00 ""    ""   ""     
       ""       "discvrx.bmp"    "%RW60%\admin\template\"             78006 false        false   false            00         00   00 ""    ""   ""     
       ""       "trailer.bmp"    "%RW60%\admin\template\"              4558 false        false   false            00         00   00 ""    ""   ""     
       "ja"     "brit1_ja.tdf"   "%RW60%\admin\template\brit1.tdf"   176128 false        false   false            00         00   00 ""    ""   ""     
       "ja"     "char1_ja.tdf"   "%RW60%\admin\template\char1.tdf"    36864 false        false   false            00         00   00 ""    ""   ""     
       "ja"     "conf1_ja.tdf"   "%RW60%\admin\template\conf1.tdf"   159744 false        false   false            00         00   00 ""    ""   ""     
       "ja"     "conf10_ja.tdf"  "%RW60%\admin\template\conf10.tdf"  151552 false        false   false            00         00   00 ""    ""   ""     
       "ja"     "conf2_ja.tdf"   "%RW60%\admin\template\conf2.tdf"   253952 false        false   false            00         00   00 ""    ""   ""     
       "ja"     "conf20_ja.tdf"  "%RW60%\admin\template\conf20.tdf"  258048 false        false   false            00         00   00 ""    ""   ""     
       "ja"     "corp1_ja.tdf"   "%RW60%\admin\template\corp1.tdf"   184320 false        false   false            00         00   00 ""    ""   ""     
       "ja"     "corp10_ja.tdf"  "%RW60%\admin\template\corp10.tdf"  184320 false        false   false            00         00   00 ""    ""   ""     
       "ja"     "corp2_ja.tdf"   "%RW60%\admin\template\corp2.tdf"   172032 false        false   false            00         00   00 ""    ""   ""     
       "ja"     "draft_ja.tdf"   "%RW60%\admin\template\draft.tdf"   118784 false        false   false            00         00   00 ""    ""   ""     
       "ja"     "discvr_ja.tdf"  "%RW60%\admin\template\discvr.tdf"  753664 false        false   false            00         00   00 ""    ""   ""     
       "ja"     "discvrl_ja.tdf" "%RW60%\admin\template\discvrl.tdf" 749568 false        false   false            00         00   00 ""    ""   ""     
       "ja"     "gngd1_ja.tdf"   "%RW60%\admin\template\gngd1.tdf"   290816 false        false   false            00         00   00 ""    ""   ""     
       "ja"     "gngd10_ja.tdf"  "%RW60%\admin\template\gngd10.tdf"  315392 false        false   false            00         00   00 ""    ""   ""     
       "ja"     "ncagry_ja.tdf"  "%RW60%\admin\template\ncagry.tdf"  286720 false        false   false            00         00   00 ""    ""   ""     
       "ja"     "ncayel_ja.tdf"  "%RW60%\admin\template\ncayel.tdf"  368640 false        false   false            00         00   00 ""    ""   ""     

delold ""       ""               "%ORACLE_HOME%\"                        00 false        false   false            00         00   00 ""    ""   ""     

